// Jest Snapshot v1, https://goo.gl/fbAQLP

exports[`serve fs output: 00 manifest.json 1`] = `
Object {
  "background": Object {
    "service_worker": "service-worker-loader.background.js",
    "type": "module",
  },
  "content_scripts": Array [
    Object {
      "js": Array [
        "assets/content-script-loader.declared-script.ts.ded2226c.175d4145.js",
      ],
      "matches": Array [
        "https://a.com/*",
        "http://b.com/*",
      ],
    },
  ],
  "manifest_version": 3,
  "name": "test extension",
  "version": "1.0.0",
  "web_accessible_resources": Array [
    Object {
      "matches": Array [
        "<all_urls>",
      ],
      "resources": Array [
        "*",
        "**/*",
      ],
      "use_dynamic_url": true,
    },
  ],
}
`;

exports[`serve fs output: 01 output files 1`] = `
Array [
  "assets/content-script-client.1b7d5e37.js",
  "assets/content-script-loader.declared-script.ts.ded2226c.175d4145.js",
  "assets/declared-script.ts.ded2226c.js",
  "assets/main-world.ts.fac125b9.js",
  "assets/precontroller.9e1e2319.js",
  "manifest.json",
  "service-worker-loader.background.js",
]
`;

exports[`serve fs output: assets/content-script-client.1b7d5e37.js 1`] = `
"let port;
setupPort();
setInterval(() => port?.postMessage({ type: \\"ping\\" }), 5e3);
setInterval(setupPort, 5 * 60 * 1e3);
function setupPort() {
  port?.disconnect();
  port = chrome.runtime.connect({ name: \\"@crx/client\\" });
  port.postMessage({ type: \\"connected\\", url: import.meta.url });
  port.onMessage.addListener(handlePortMessage);
}
function handlePortMessage(payload) {
  switch (payload.type) {
    case \\"connected\\":
      console.log(\\"[vite-crx] connected.\\");
      break;
    case \\"custom\\":
      if (payload.event === \\"runtime-reload\\")
        handleRuntimeReload();
      break;
    default:
      console.log(\\"[vite]\\", payload);
      break;
  }
}
function handleRuntimeReload() {
  console.log(\\"[vite-crx] runtime reload.\\");
  setTimeout(() => location.reload(), 1e3);
}
"
`;

exports[`serve fs output: assets/content-script-loader.declared-script.ts.ded2226c.175d4145.js 1`] = `
"(function () {
  'use strict';

  (async () => {
    await import(
      /* @vite-ignore */
      chrome.runtime.getURL(\\"assets/content-script-client.1b7d5e37.js\\")
    );
    await import(
      /* @vite-ignore */
      chrome.runtime.getURL(\\"assets/declared-script.ts.ded2226c.js\\")
    );
  })().catch(console.error);

})();
"
`;

exports[`serve fs output: assets/declared-script.ts.ded2226c.js 1`] = `
"var fileName = \\"/assets/main-world.ts.fac125b9.js\\";

console.log(\\"declared script\\");
const script = document.createElement(\\"script\\");
script.src = chrome.runtime.getURL(fileName);
document.head.prepend(script);
"
`;

exports[`serve fs output: assets/main-world.ts.fac125b9.js 1`] = `
"console.log(\\"main world script\\");
"
`;

exports[`serve fs output: assets/precontroller.9e1e2319.js 1`] = `
"setTimeout(() => location.reload(), 100);
"
`;

exports[`serve fs output: service-worker-loader.background.js 1`] = `
"import 'http://localhost:3000/@crx/worker-client';
import 'http://localhost:3000/src/background.ts';
"
`;
